// Jest Snapshot v1, https://goo.gl/fbAQLP

exports[`Footer component Renders correctly 1`] = `
<div>
  <footer>
    <div
      class="wrapper"
    >
      <p>
        Â© 2019
      </p>
    </div>
  </footer>
</div>
`;
